// Jest Snapshot v1, https://goo.gl/fbAQLP

exports[`template snapshot 1`] = `
<v-col-stub
  tag="div"
>
  <v-row-stub
    align="center"
    justify="center"
    no-gutter=""
    tag="div"
  >
    <profile-actions-buttons-edit-stub />
     
    <profile-actions-buttons-sign-out-stub />
     
    <profile-actions-buttons-delete-stub />
  </v-row-stub>
</v-col-stub>
`;
