// Jest Snapshot v1, https://goo.gl/fbAQLP

exports[`template snapshot 1`] = `
<span>
  <map-container-toolbar-stub />
   
  <gmap-map-stub
    center="[object Object]"
    options="[object Object]"
    style="width: 100%; height: 100%;"
    zoom="16"
  >
    <map-container-circle-stub
      center="[object Object]"
    />
     
    <map-container-marker-stub
      spots="[object Object],[object Object]"
    />
     
    <spot-dialog-stub />
  </gmap-map-stub>
</span>
`;
