// Jest Snapshot v1, https://goo.gl/fbAQLP

exports[`template snapshot 1`] = `
<div>
  <gmap-marker-stub
    animation="4"
    position="[object Object]"
    title="test1"
    zindex="10"
  />
  <gmap-marker-stub
    animation="4"
    position="[object Object]"
    title="test2"
    zindex="11"
  />
</div>
`;
