// Jest Snapshot v1, https://goo.gl/fbAQLP

exports[`template snapshot 1`] = `
<v-list-item-stub
  activeclass=""
  tag="div"
  to="[object Object]"
>
  <v-list-item-avatar-stub
    size="40"
  >
    <v-icon-stub
      btn=""
    >
      mdi-account-circle
    </v-icon-stub>
  </v-list-item-avatar-stub>
   
  <v-list-item-content-stub>
    <v-list-item-title-stub>
      マイページ
    </v-list-item-title-stub>
  </v-list-item-content-stub>
</v-list-item-stub>
`;
