// Jest Snapshot v1, https://goo.gl/fbAQLP

exports[`template snapshot 1`] = `
<v-navigation-drawer-stub
  absolute="true"
  app="true"
  height="100vh"
  minivariantwidth="56"
  mobilebreakpoint="1264"
  right="true"
  src=""
  tag="nav"
  temporary="true"
  width="256"
>
  <v-list-stub
    tag="div"
    tile="true"
  >
    <header-drawer-pages-stub />
     
    <v-divider-stub />
     
    <header-drawer-author-stub />
     
    <header-drawer-footer-stub />
  </v-list-stub>
</v-navigation-drawer-stub>
`;
