// Jest Snapshot v1, https://goo.gl/fbAQLP

exports[`template snapshot 1`] = `
<div
  class="text-center"
>
  <v-menu-stub
    closedelay="0"
    closeonclick="true"
    closeoncontentclick="true"
    contentclass=""
    maxheight="auto"
    maxwidth="auto"
    nudgebottom="0"
    nudgeleft="0"
    nudgeright="0"
    nudgetop="0"
    nudgewidth="0"
    offsety="true"
    opendelay="0"
    openonclick="true"
    origin="top left"
    transition="v-menu-transition"
  >
     
    <header-avatar-list-stub
      currentuser="[object Object]"
    />
  </v-menu-stub>
</div>
`;
