// Jest Snapshot v1, https://goo.gl/fbAQLP

exports[`template snapshot 1`] = `
<div
  class="row ma-0 align-stretch justify-space-around"
  style="background-color: white;"
>
  <div
    class="mt-2 col-sm-6 col-lg-4 col-12"
  >
    <div
      class="mt-2 d-flex flex-column v-card v-card--hover v-card--link v-sheet theme--light"
      id="0"
      style="height: 100%;"
      tabindex="0"
    >
      <div
        class="row pa-0"
      >
        <div
          class="py-0 col-md-12 col-5"
        >
          <div
            class="v-responsive v-image white--text align-end imgHeight_big"
          >
            <div
              class="v-responsive__content"
            />
          </div>
        </div>
         
        <div
          class="py-0 col-md-12 col-7"
        >
          <div
            class="v-card__text text--primary"
          >
            <p>
              hoge
            </p>
             
            <p>
              
            </p>
             
            <p>
              
            </p>
             
            <p>
              
            </p>
          </div>
           
          <div
            class="v-card__actions"
          >
            <like-button-stub
              id="0"
              spot="[object Object]"
            />
             
            <wifi-with-button-stub
              id="0"
              spot="[object Object]"
            />
             
            <wifi-without-button-stub
              id="0"
              spot="[object Object]"
            />
             
            <power-with-button-stub
              id="0"
              spot="[object Object]"
            />
             
            <power-without-button-stub
              id="0"
              spot="[object Object]"
            />
             
            <comment-button-stub
              id="0"
              spot="[object Object]"
            />
             
            <spot-form-stub
              id="0"
              spot="[object Object]"
            />
          </div>
        </div>
      </div>
    </div>
  </div>
  <div
    class="mt-2 col-sm-6 col-lg-4 col-12"
  >
    <div
      class="mt-2 d-flex flex-column v-card v-card--hover v-card--link v-sheet theme--light"
      id="1"
      style="height: 100%;"
      tabindex="0"
    >
      <div
        class="row pa-0"
      >
        <div
          class="py-0 col-md-12 col-5"
        >
          <div
            class="v-responsive v-image white--text align-end imgHeight_big"
          >
            <div
              class="v-responsive__content"
            />
          </div>
        </div>
         
        <div
          class="py-0 col-md-12 col-7"
        >
          <div
            class="v-card__text text--primary"
          >
            <p>
              fuga
            </p>
             
            <p>
              
            </p>
             
            <p>
              
            </p>
             
            <p>
              
            </p>
          </div>
           
          <div
            class="v-card__actions"
          >
            <like-button-stub
              id="1"
              spot="[object Object]"
            />
             
            <wifi-with-button-stub
              id="1"
              spot="[object Object]"
            />
             
            <wifi-without-button-stub
              id="1"
              spot="[object Object]"
            />
             
            <power-with-button-stub
              id="1"
              spot="[object Object]"
            />
             
            <power-without-button-stub
              id="1"
              spot="[object Object]"
            />
             
            <comment-button-stub
              id="1"
              spot="[object Object]"
            />
             
            <spot-form-stub
              id="1"
              spot="[object Object]"
            />
          </div>
        </div>
      </div>
    </div>
  </div>
   
  <div
    class="ma-0 pa-0 col-sm-6 col-lg-4 col-12"
  >
    <div
      class="flex-empty v-card v-sheet theme--light"
    />
  </div>
  <div
    class="ma-0 pa-0 col-sm-6 col-lg-4 col-12"
  >
    <div
      class="flex-empty v-card v-sheet theme--light"
    />
  </div>
</div>
`;
