// Jest Snapshot v1, https://goo.gl/fbAQLP

exports[`template snapshot 1`] = `
<div>
  <h1>
    this is Card
  </h1>
   
  <div
    class="row"
  >
    <div
      class="col"
    >
      <div
        class="v-card v-card--hover v-card--link v-sheet theme--light"
        id="0"
        tabindex="0"
      >
        <div
          class="row"
        >
          <div
            class="col"
          >
            <div
              class="v-responsive v-image"
            >
              <div
                class="v-responsive__content"
              />
            </div>
          </div>
           
          <div
            class="col"
          >
            <div
              class="v-card__text"
            >
              <p>
                hoge
              </p>
               
              <p>
                
              </p>
            </div>
             
            <div
              class="v-card__actions"
            >
              <button
                class="v-btn v-btn--contained theme--light v-size--default"
                data-test="postspot"
                type="button"
              >
                <span
                  class="v-btn__content"
                >
                  
                保存
              
                </span>
              </button>
               
              <div>
                <button
                  class="v-btn v-btn--flat v-btn--icon v-btn--round theme--light v-size--default"
                  type="button"
                >
                  <span
                    class="v-btn__content"
                  >
                    
    いいね
  
                  </span>
                </button>
              </div>
               
              <div>
                <button
                  class="v-btn v-btn--flat v-btn--icon v-btn--round theme--light v-size--default"
                  type="button"
                >
                  <span
                    class="v-btn__content"
                  >
                    
    wifi
  
                  </span>
                </button>
              </div>
               
              <div>
                <button
                  class="v-btn v-btn--flat v-btn--icon v-btn--round theme--light v-size--default"
                  type="button"
                >
                  <span
                    class="v-btn__content"
                  >
                    
    wifinone
  
                  </span>
                </button>
              </div>
            </div>
          </div>
        </div>
      </div>
    </div>
    <div
      class="col"
    >
      <div
        class="v-card v-card--hover v-card--link v-sheet theme--light"
        id="1"
        tabindex="0"
      >
        <div
          class="row"
        >
          <div
            class="col"
          >
            <div
              class="v-responsive v-image"
            >
              <div
                class="v-responsive__content"
              />
            </div>
          </div>
           
          <div
            class="col"
          >
            <div
              class="v-card__text"
            >
              <p>
                fuga
              </p>
               
              <p>
                
              </p>
            </div>
             
            <div
              class="v-card__actions"
            >
              <button
                class="v-btn v-btn--contained theme--light v-size--default"
                data-test="postspot"
                type="button"
              >
                <span
                  class="v-btn__content"
                >
                  
                保存
              
                </span>
              </button>
               
              <div>
                <button
                  class="v-btn v-btn--flat v-btn--icon v-btn--round theme--light v-size--default"
                  type="button"
                >
                  <span
                    class="v-btn__content"
                  >
                    
    いいね
  
                  </span>
                </button>
              </div>
               
              <div>
                <button
                  class="v-btn v-btn--flat v-btn--icon v-btn--round theme--light v-size--default"
                  type="button"
                >
                  <span
                    class="v-btn__content"
                  >
                    
    wifi
  
                  </span>
                </button>
              </div>
               
              <div>
                <button
                  class="v-btn v-btn--flat v-btn--icon v-btn--round theme--light v-size--default"
                  type="button"
                >
                  <span
                    class="v-btn__content"
                  >
                    
    wifinone
  
                  </span>
                </button>
              </div>
            </div>
          </div>
        </div>
      </div>
    </div>
  </div>
</div>
`;
