// Jest Snapshot v1, https://goo.gl/fbAQLP

exports[`template snapshot 1`] = `
<div>
  <h2>
    SignUp
  </h2>
   
  <input
    placeholder="name"
    type="text"
  />
   
  <input
    placeholder="email"
    type="text"
  />
   
  <input
    placeholder="password"
    type="text"
  />
   
  <input
    placeholder="password_confirmation"
    type="text"
  />
   
  <button
    class="v-btn v-btn--contained theme--light v-size--default"
    type="submit"
  >
    <span
      class="v-btn__content"
    >
      
    アカウント登録
  
    </span>
  </button>
   
  <div>
    {
  "name": "hoge",
  "email": "hoge@example.com",
  "password": "password",
  "password_confirmation": "password"
}
  </div>
</div>
`;
