// Jest Snapshot v1, https://goo.gl/fbAQLP

exports[`template snapshot 1`] = `
<div>
  <h2>
    SignIn
  </h2>
   
  <input
    placeholder="email"
    type="text"
  />
   
  <input
    placeholder="password"
    type="text"
  />
   
  <button
    class="v-btn v-btn--contained theme--light v-size--default"
    type="submit"
  >
    <span
      class="v-btn__content"
    >
      ログイン
    </span>
  </button>
   
  <button
    class="v-btn v-btn--contained theme--light v-size--default"
    type="submit"
  >
    <span
      class="v-btn__content"
    >
      
    テストユーザでログイン
  
    </span>
  </button>
   
  <div>
    {
  "email": "hoge@example.com",
  "password": "password"
}
  </div>
   
  <button
    class="v-btn v-btn--contained theme--light v-size--default"
    type="submit"
  >
    <span
      class="v-btn__content"
    >
      
    ログアウト
  
    </span>
  </button>
</div>
`;
