// Jest Snapshot v1, https://goo.gl/fbAQLP

exports[`template snapshot 1`] = `
<v-row-stub
  align="stretch"
  class="ma-0"
  justify="space-around"
  tag="div"
>
  <v-col-stub
    class="mt-2"
    cols="12"
    lg="4"
    sm="6"
    tag="div"
  >
    <card-container-frame-stub
      id="0"
      spot="[object Object]"
      type="map"
    />
  </v-col-stub>
  <v-col-stub
    class="mt-2"
    cols="12"
    lg="4"
    sm="6"
    tag="div"
  >
    <card-container-frame-stub
      id="1"
      spot="[object Object]"
      type="map"
    />
  </v-col-stub>
   
  <v-col-stub
    class="ma-0 pa-0"
    cols="12"
    lg="4"
    sm="6"
    tag="div"
  >
    <card-container-fill-stub />
  </v-col-stub>
  <v-col-stub
    class="ma-0 pa-0"
    cols="12"
    lg="4"
    sm="6"
    tag="div"
  >
    <card-container-fill-stub />
  </v-col-stub>
</v-row-stub>
`;
