// Jest Snapshot v1, https://goo.gl/fbAQLP

exports[`template snapshot 1`] = `
<v-row-stub
  class="pa-0"
  tag="div"
>
  <card-container-frame-content-image-stub
    spot="[object Object]"
  />
   
  <v-col-stub
    class="py-0"
    cols="7"
    md="12"
    tag="div"
  >
    <card-container-frame-content-text-stub
      spot="[object Object]"
    />
     
    <card-container-frame-content-action-stub
      id="1"
      spot="[object Object]"
      type="map"
    />
  </v-col-stub>
</v-row-stub>
`;
